C51 COMPILER V9.59.0.0   MAIN                                                              04/09/2023 21:19:21 PAGE 1   


C51 COMPILER V9.59.0.0, COMPILATION OF MODULE MAIN
OBJECT MODULE PLACED IN .\Objects\main.obj
COMPILER INVOKED BY: C:\Keil_v5\C51\BIN\C51.EXE main.c OPTIMIZE(8,SPEED) BROWSE DEBUG OBJECTEXTEND PRINT(.\Listings\main
                    -.lst) TABS(2) OBJECT(.\Objects\main.obj)

line level    source

   1          #include <REGX52.H>
   2          #define uchar unsigned char
   3          uchar rec = 0;
   4          sfr AUXR =0x8E;
   5          void main(void)
   6          {
   7   1        SCON = 0x50;
   8   1        TMOD = 0x20;  
   9   1        TL1 = 0xfd;
  10   1        TH1 = 0xfd;
  11   1        ES = 1;
  12   1        EA = 1;
  13   1        TR1 = 1;  
  14   1        while(1);
  15   1      }
  16          
  17          void serial_routine() interrupt 4
  18          {
  19   1        if (T1)
  20   1        {
  21   2          T1 = 0;
  22   2        }
  23   1        if (RI)
  24   1        {
  25   2          RI = 0;
  26   2          rec = SBUF;
  27   2          switch(rec)
  28   2          {
  29   3            case 1:P2 = ~0x01;break;
  30   3            case 2:P2 = ~0x02;break;
  31   3            case 3:P2 = ~0x04;break;
  32   3            case 4:P2 = ~0x08;break;
  33   3            case 5:P2 = ~0x10;break;
  34   3            case 6:P2 = ~0x20;break;
  35   3            case 7:P2 = ~0x40;break;
  36   3            case 8:P2 = ~0x80;break;
  37   3            default:SBUF = 0x0e; P2 = 0xaa;
  38   3          }
  39   2        }
  40   1      }


MODULE INFORMATION:   STATIC OVERLAYABLE
   CODE SIZE        =    146    ----
   CONSTANT SIZE    =   ----    ----
   XDATA SIZE       =   ----    ----
   PDATA SIZE       =   ----    ----
   DATA SIZE        =      1    ----
   IDATA SIZE       =   ----    ----
   BIT SIZE         =   ----    ----
END OF MODULE INFORMATION.


C51 COMPILATION COMPLETE.  0 WARNING(S),  0 ERROR(S)
