C51 COMPILER V9.60.7.0   NIXIETUPE                                                         10/04/2023 21:03:19 PAGE 1   


C51 COMPILER V9.60.7.0, COMPILATION OF MODULE NIXIETUPE
OBJECT MODULE PLACED IN .\Objects\NixieTupe.obj
COMPILER INVOKED BY: D:\app_dl_study\keil_v5\C51\BIN\C51.EXE Hardware\NixieTupe.c OPTIMIZE(8,SPEED) BROWSE INCDIR(.\Hard
                    -ware;.\Main) DEBUG OBJECTEXTEND PRINT(.\Listings\NixieTupe.lst) OBJECT(.\Objects\NixieTupe.obj)

line level    source

   1          #include <REGX51.H>
   2          #include "Sys.h"
   3          #include "Delay.h"
   4          #include "intrins.h"
   5          // Mode display control pins
   6          sbit Mode_P36 = P3^6;
   7          sbit Mode_P37 = P3^7;
   8          
   9          
  10          // 数码管共阳极编码
  11          const uchar LedChar[]={
  12                  0xC0,  //"0"
  13              0xF9,  //"1"
  14              0xA4,  //"2"
  15              0xB0,  //"3"
  16              0x99,  //"4"
  17              0x92,  //"5"
  18              0x82,  //"6"
  19              0xF8,  //"7"
  20              0x80,  //"8"
  21              0x90,  //"9"
  22              0x88,  //"A"
  23              0x83,  //"B"
  24              0xC6,  //"C"
  25              0xA1,  //"D"
  26              0x86,  //"E"
  27              0x8E,  //"F"
  28                  0x7F   //"."
  29          };
  30          
  31          // 38译码器字段
  32          uchar code ABC[] = {
  33          
  34                  0x00,   
  35                  0x01,
  36                  0x02,
  37                  0x03,
  38                  0x04,
  39                  0x05,
  40                  0x06,
  41                  0x07
  42          };
  43          
  44          /**
  45            * @brief  八位数码管日期，时间显示输入
  46            * @param  Num[] 需要显示输入的八位16进制数组
  47            * @retval 无
  48            */
  49          void NixieTupe_Static_Display(uchar* Num) //Num
  50          {
  51   1              unsigned char i;
  52   1              for (i = 0; i < 8; i++)
  53   1              {
  54   2                      
C51 COMPILER V9.60.7.0   NIXIETUPE                                                         10/04/2023 21:03:19 PAGE 2   

  55   2                      P2 &= 0xf8;
  56   2                      P2 |= ABC[i];
  57   2                      P0 = Num[i];
  58   2                      Delay_MS(1);
  59   2              }
  60   1      }
  61          
  62          
  63          
  64          
  65          
  66          
  67          /**
  68            * @brief  一位数码管模式显示输入
  69            * @param  Mode需要呈现的显示模式
  70            *                     (Mode = 0x01,show time;Mode = 0x02,show date;Mode = 0x03,show roll;)
  71            * @retval     无
  72            */
  73          void NixieTupe_Mode_Select(uchar Mode)
  74          {
  75   1              switch(Mode)
  76   1              {
  77   2                      case 0x01:
  78   2                              Mode_P36 = 1;   
  79   2                              Mode_P37 = 0;
  80   2                              break;
  81   2                      case 0x02:
  82   2                              Mode_P36 = 0;
  83   2                              Mode_P37 = 1;
  84   2                              break;
  85   2                      case 0x03:
  86   2                              Mode_P36 = 1;
  87   2                  Mode_P37 = 1;
  88   2                              break;
  89   2                      case 0x04:
  90   2                              Mode_P36 = 0;
  91   2                  Mode_P37 = 0;
  92   2                              break;          
  93   2              }
  94   1      }


MODULE INFORMATION:   STATIC OVERLAYABLE
   CODE SIZE        =     89    ----
   CONSTANT SIZE    =      8    ----
   XDATA SIZE       =   ----    ----
   PDATA SIZE       =   ----    ----
   DATA SIZE        =     17       4
   IDATA SIZE       =   ----    ----
   BIT SIZE         =   ----    ----
END OF MODULE INFORMATION.


C51 COMPILATION COMPLETE.  0 WARNING(S),  0 ERROR(S)
